01:41:07 **** Incremental Build of configuration Debug for project Stmstart ****
make -j16 all 
arm-none-eabi-gcc "../Src/main.c" -mcpu=cortex-m4 -std=gnu11 -g3 -DDEBUG -DSTM32 -DSTM32F4 -DSTM32F446RETx -DNUCLEO_F446RE -c -I../Inc -O0 -ffunction-sections -fdata-sections -Wall -fstack-usage -fcyclomatic-complexity -MMD -MP -MF"Src/main.d" -MT"Src/main.o" --specs=nano.specs -mfloat-abi=soft -mthumb -o "Src/main.o"
../Src/main.c: In function 'main':
../Src/main.c:27:5: warning: implicit declaration of function 'printf' [-Wimplicit-function-declaration]
   27 |     printf ("Hello World");
      |     ^~~~~~
../Src/main.c:20:1: note: include '<stdio.h>' or provide a declaration of 'printf'
   19 | #include <stdint.h>
  +++ |+#include <stdio.h>
   20 | 
../Src/main.c:27:5: warning: incompatible implicit declaration of built-in function 'printf' [-Wbuiltin-declaration-mismatch]
   27 |     printf ("Hello World");
      |     ^~~~~~
../Src/main.c:27:5: note: include '<stdio.h>' or provide a declaration of 'printf'
arm-none-eabi-gcc -o "Stmstart.elf" @"objects.list"   -mcpu=cortex-m4 -T"C:\Users\ASUS\Desktop\Entri\Stm32\Stmstart\STM32F446RETX_FLASH.ld" --specs=nosys.specs -Wl,-Map="Stmstart.map" -Wl,--gc-sections -static --specs=nano.specs -mfloat-abi=soft -mthumb -Wl,--start-group -lc -lm -Wl,--end-group
Finished building target: Stmstart.elf
 
arm-none-eabi-size  Stmstart.elf 
arm-none-eabi-objdump -h -S Stmstart.elf  > "Stmstart.list"
   text	   data	    bss	    dec	    hex	filename
   4868	     92	   1900	   6860	   1acc	Stmstart.elf
Finished building: default.size.stdout
 
Finished building: Stmstart.list
 

01:41:08 Build Finished. 0 errors, 2 warnings. (took 856ms)

